../Core/Src/task_sensor_read.c:52:13:print_sensor_list	104	static
../Core/Src/task_sensor_read.c:75:13:rom_crc_valid	16	static
../Core/Src/task_sensor_read.c:81:13:print_rom_crc_diagnostics	152	static
../Core/Src/task_sensor_read.c:109:9:task_sensor_read_get_selected_index	4	static
../Core/Src/task_sensor_read.c:114:6:task_sensor_read_select_by_index	16	static
../Core/Src/task_sensor_read.c:129:6:task_sensor_read_select_by_rom	24	static
../Core/Src/task_sensor_read.c:147:6:task_sensor_read_init	8	static
../Core/Src/task_sensor_read.c:166:6:task_sensor_read_run	144	static
